[PM2] Applying action stopProcessId on app [smartcrm](ids: [ 6 ])
[PM2] [smartcrm](6) ✓
┌─────┬────────────────────┬─────────────┬─────────┬─────────┬──────────┬────────┬──────┬───────────┬──────────┬──────────┬──────────┬──────────┐
│ id  │ name               │ namespace   │ version │ mode    │ pid      │ uptime │ ↺    │ status    │ cpu      │ mem      │ user     │ watching │
├─────┼────────────────────┼─────────────┼─────────┼─────────┼──────────┼────────┼──────┼───────────┼──────────┼──────────┼──────────┼──────────┤
│ 3   │ app                │ default     │ N/A     │ fork    │ 1348777  │ 1s     │ 333… │ online    │ 0%       │ 39.1mb   │ root     │ disabled │
│ 2   │ recharge-server    │ default     │ N/A     │ fork    │ 1348795  │ 0s     │ 333… │ online    │ 0%       │ 21.8mb   │ root     │ disabled │
│ 1   │ server             │ default     │ N/A     │ fork    │ 2367     │ 17D    │ 0    │ online    │ 0%       │ 28.4mb   │ root     │ disabled │
│ 5   │ server             │ default     │ N/A     │ fork    │ N/A      │ 0      │ 0    │ errored   │ 0%       │ 0b       │ root     │ disabled │
│ 6   │ smartcrm           │ default     │ 0.1.0   │ fork    │ 0        │ 0      │ 0    │ stopped   │ 0%       │ 0b       │ root     │ disabled │
│ 4   │ www                │ default     │ 0.0.0   │ fork    │ 1213507  │ 42m    │ 37   │ online    │ 0%       │ 58.7mb   │ root     │ enabled  │
└─────┴────────────────────┴─────────────┴─────────┴─────────┴──────────┴────────┴──────┴───────────┴──────────┴──────────┴──────────┴──────────┘
Module
┌────┬──────────────────────────────┬───────────────┬──────────┬──────────┬──────┬──────────┬──────────┬──────────┐
│ id │ module                       │ version       │ pid      │ status   │ ↺    │ cpu      │ mem      │ user     │
├────┼──────────────────────────────┼───────────────┼──────────┼──────────┼──────┼──────────┼──────────┼──────────┤
│ 0  │ pm2-logrotate                │ 2.7.0         │ 3532227  │ online   │ 1    │ 0%       │ 37.1mb   │ root     │
└────┴──────────────────────────────┴───────────────┴──────────┴──────────┴──────┴──────────┴──────────┴──────────┘
parked. It starts again at cutover with fresh data.
---exit=0---
