[PM2] Applying action stopProcessId on app [app](ids: [ 3 ])
[PM2] [app](3) ✓
[PM2] Applying action stopProcessId on app [recharge-server](ids: [ 2 ])
[PM2] [recharge-server](2) ✓
┌─────┬────────────────────┬─────────────┬─────────┬─────────┬──────────┬────────┬──────┬───────────┬──────────┬──────────┬──────────┬──────────┐
│ id  │ name               │ namespace   │ version │ mode    │ pid      │ uptime │ ↺    │ status    │ cpu      │ mem      │ user     │ watching │
├─────┼────────────────────┼─────────────┼─────────┼─────────┼──────────┼────────┼──────┼───────────┼──────────┼──────────┼──────────┼──────────┤
│ 3   │ app                │ default     │ N/A     │ fork    │ 0        │ 0      │ 187… │ stopped   │ 0%       │ 0b       │ root     │ disabled │
│ 2   │ recharge-server    │ default     │ N/A     │ fork    │ 0        │ 0      │ 187… │ stopped   │ 0%       │ 0b       │ root     │ disabled │
│ 1   │ server             │ default     │ N/A     │ fork    │ 2123     │ 31h    │ 0    │ online    │ 0%       │ 48.2mb   │ root     │ disabled │
│ 5   │ server             │ default     │ N/A     │ fork    │ N/A      │ 0      │ 0    │ errored   │ 0%       │ 0b       │ root     │ disabled │
│ 6   │ smartcrm           │ default     │ 0.1.0   │ fork    │ 1267178  │ 21m    │ 5    │ online    │ 28.6%    │ 393.0mb  │ root     │ disabled │
│ 4   │ www                │ default     │ 0.0.0   │ fork    │ 380377   │ 5h     │ 3    │ online    │ 1.3%     │ 60.2mb   │ root     │ enabled  │
└─────┴────────────────────┴─────────────┴─────────┴─────────┴──────────┴────────┴──────┴───────────┴──────────┴──────────┴──────────┴──────────┘
Module
┌────┬──────────────────────────────┬───────────────┬──────────┬──────────┬──────┬──────────┬──────────┬──────────┐
│ id │ module                       │ version       │ pid      │ status   │ ↺    │ cpu      │ mem      │ user     │
├────┼──────────────────────────────┼───────────────┼──────────┼──────────┼──────┼──────────┼──────────┼──────────┤
│ 0  │ pm2-logrotate                │ 2.7.0         │ 2015     │ online   │ 0    │ 0%       │ 53.7mb   │ root     │
└────┴──────────────────────────────┴───────────────┴──────────┴──────────┴──────┴──────────┴──────────┴──────────┘
[PM2] Applying action deleteProcessId on app [5](ids: [ '5' ])
[PM2] [5](5) ✓
┌─────┬────────────────────┬─────────────┬─────────┬─────────┬──────────┬────────┬──────┬───────────┬──────────┬──────────┬──────────┬──────────┐
│ id  │ name               │ namespace   │ version │ mode    │ pid      │ uptime │ ↺    │ status    │ cpu      │ mem      │ user     │ watching │
├─────┼────────────────────┼─────────────┼─────────┼─────────┼──────────┼────────┼──────┼───────────┼──────────┼──────────┼──────────┼──────────┤
│ 3   │ app                │ default     │ N/A     │ fork    │ 0        │ 0      │ 187… │ stopped   │ 0%       │ 0b       │ root     │ disabled │
│ 2   │ recharge-server    │ default     │ N/A     │ fork    │ 0        │ 0      │ 187… │ stopped   │ 0%       │ 0b       │ root     │ disabled │
│ 1   │ server             │ default     │ N/A     │ fork    │ 2123     │ 31h    │ 0    │ online    │ 0%       │ 48.5mb   │ root     │ disabled │
│ 6   │ smartcrm           │ default     │ 0.1.0   │ fork    │ 1267178  │ 21m    │ 5    │ online    │ 50%      │ 393.2mb  │ root     │ disabled │
│ 4   │ www                │ default     │ 0.0.0   │ fork    │ 380377   │ 5h     │ 3    │ online    │ 0%       │ 60.7mb   │ root     │ enabled  │
└─────┴────────────────────┴─────────────┴─────────┴─────────┴──────────┴────────┴──────┴───────────┴──────────┴──────────┴──────────┴──────────┘
Module
┌────┬──────────────────────────────┬───────────────┬──────────┬──────────┬──────┬──────────┬──────────┬──────────┐
│ id │ module                       │ version       │ pid      │ status   │ ↺    │ cpu      │ mem      │ user     │
├────┼──────────────────────────────┼───────────────┼──────────┼──────────┼──────┼──────────┼──────────┼──────────┤
│ 0  │ pm2-logrotate                │ 2.7.0         │ 2015     │ online   │ 0    │ 0%       │ 53.9mb   │ root     │
└────┴──────────────────────────────┴───────────────┴──────────┴──────────┴──────┴──────────┴──────────┴──────────┘
[PM2][WARN] Current process list is not synchronized with saved list. Type 'pm2 save' to synchronize.
[PM2] Saving current process list...
[PM2] Successfully saved in /root/.pm2/dump.pm2
=== pm2 now ===
│ 3   │ app                │ default     │ N/A     │ fork    │ 0        │ 0      │ 187… │ stopped   │ 0%       │ 0b       │ root     │ disabled │
│ 2   │ recharge-server    │ default     │ N/A     │ fork    │ 0        │ 0      │ 187… │ stopped   │ 0%       │ 0b       │ root     │ disabled │
│ 1   │ server             │ default     │ N/A     │ fork    │ 2123     │ 31h    │ 0    │ online    │ 0%       │ 48.0mb   │ root     │ disabled │
│ 6   │ smartcrm           │ default     │ 0.1.0   │ fork    │ 1267178  │ 21m    │ 5    │ online    │ 100%     │ 395.9mb  │ root     │ disabled │
│ 4   │ www                │ default     │ 0.0.0   │ fork    │ 380377   │ 5h     │ 3    │ online    │ 0%       │ 59.9mb   │ root     │ enabled  │
=== waiting 60s for load to fall ===
load: 6.69 6.93 6.79
config 7.745522s / vserve 7.875883s http=200
config 10.737730s / vserve 4.648407s http=200
config 3.256641s / vserve 4.946928s http=200
load after 2min: 5.29 6.36 6.60
final vserve 11.712662s http=200
---exit=0---
